<?xml version="1.0" encoding="utf-8"?><testsuites><testsuite name="pytest" errors="0" failures="0" skipped="0" tests="9" time="10.701" timestamp="2021-01-13T14:21:26.385073" hostname="Imac20-7.local"><testcase classname="tests.sportscar.body.test_body.BodyTests" name="test_door" time="5.998" /><testcase classname="tests.sportscar.body.test_body.BodyTests" name="test_windshield" time="0.001" /><testcase classname="tests.sportscar.body.test_body.BodyTests" name="test_trunk" time="0.001" /><testcase classname="tests.sportscar.engine.test_engine" name="test_coils" time="0.001" /><testcase classname="tests.sportscar.engine.test_engine" name="test_compression" time="0.001" /><testcase classname="tests.sportscar.engine.test_engine" name="test_timing" time="0.001" /><testcase classname="tests.sportscar.entertainment.test_entertainment" name="test_radio" time="4.566" /><testcase classname="tests.sportscar.entertainment.test_entertainment" name="test_bluetooth" time="0.001" /><testcase classname="tests.sportscar.entertainment.test_entertainment" name="test_dvd" time="0.001" /></testsuite></testsuites>